[xcuzskillz.xyz/index.html]
[cdnjs.cloudflare.com/ajax/libs/font-awesome/5.15.1/css/all.min.css]
[backblue.gif]
[fade.gif]
[index.html]
[xcuzskillz.xyz/skills.html]
[xcuzskillz.xyz/work.html]
[xcuzskillz.xyz/aboutme.html]
[xcuzskillz.xyz/contact.html]
[xcuzskillz.xyz/index-2.html]
[upload.wikimedia.org/wikipedia/commons/6/6a/JavaScript-logo.png]
[cdn.discordapp.com/attachments/551821711419375616/811273940696825876/a558b426cb8973523f37bbed94cf0f09.png]
[cdn.discordapp.com/attachments/551821711419375616/811276322025766912/css.png]
[cdn.discordapp.com/attachments/551821711419375616/811276504767266888/php-programming-language.png]
[cdn.discordapp.com/emojis/7278817818308772643860.png]
[cdn.discordapp.com/emojis/7453064445341204533860.png]
[cdn.discordapp.com/emojis/3140684306114150413860.png]
[cdn.discordapp.com/emojis/5857644462201897163860.png]
[xcuzskillz.xyz/scripts/all.min.js]
[xcuzskillz.xyz/index.html]
[cdnjs.cloudflare.com/ajax/libs/font-awesome/5.15.1/css/all.min.css]
[cdn.discordapp.com/attachments/551821711419375616/811711604005535744/xcuzskillz2.png]
[xcuzskillz.xyz/css/style.css]
[xcuzskillz.xyz/css/all.min.css]
[xcuzskillz.xyz/skills.html]
[cdn.discordapp.com/attachments/779020777877405716/811523441563140167/unknown.png]
[cdn.discordapp.com/attachments/779020777877405716/811523686686523403/unknown.png]
[cdn.discordapp.com/attachments/779020777877405716/811523878655492096/unknown.png]
[cdn.discordapp.com/attachments/779020777877405716/811523980128682024/unknown.png]
[media.discordapp.net/attachments/790697857229127703/794323117619019807/unknownd631.png]
[cdn.discordapp.com/icons/597618510323122177/bfb8493952b08cc583ebe97db2ddf8ca9b07.png]
[xcuzskillz.xyz/work.html]
[xcuzskillz.xyz/aboutme.html]
[xcuzskillz.xyz/contact.html]
[xcuzskillz.xyz/index-2.html]
[cdn.jsdelivr.net/npm/@sweetalert2/theme-dark@4/dark.css]
[xcuzskillz.xyz/webfonts/fa-brands-400.html]
[xcuzskillz.xyz/webfonts/fa-brands-400d41d.html]
[xcuzskillz.xyz/webfonts/fa-brands-401.html]
[xcuzskillz.xyz/webfonts/fa-brands-402.html]
[xcuzskillz.xyz/webfonts/fa-brands-403.html]
[xcuzskillz.xyz/webfonts/fa-brands-404.html]
[xcuzskillz.xyz/webfonts/fa-duotone-900.html]
[xcuzskillz.xyz/webfonts/fa-duotone-900d41d.html]
[xcuzskillz.xyz/webfonts/fa-duotone-901.html]
[xcuzskillz.xyz/webfonts/fa-duotone-902.html]
[xcuzskillz.xyz/webfonts/fa-duotone-903.html]
[xcuzskillz.xyz/webfonts/fa-duotone-904.html]
[xcuzskillz.xyz/webfonts/fa-light-300.html]
[xcuzskillz.xyz/webfonts/fa-light-300d41d.html]
[xcuzskillz.xyz/webfonts/fa-light-301.html]
[xcuzskillz.xyz/webfonts/fa-light-302.html]
[xcuzskillz.xyz/webfonts/fa-light-303.html]
[xcuzskillz.xyz/webfonts/fa-light-304.html]
[xcuzskillz.xyz/webfonts/fa-regular-400.html]
[xcuzskillz.xyz/webfonts/fa-regular-400d41d.html]
[xcuzskillz.xyz/webfonts/fa-regular-401.html]
[xcuzskillz.xyz/webfonts/fa-regular-402.html]
[xcuzskillz.xyz/webfonts/fa-regular-403.html]
[xcuzskillz.xyz/webfonts/fa-regular-404.html]
[xcuzskillz.xyz/webfonts/fa-solid-900.html]
[xcuzskillz.xyz/webfonts/fa-solid-900d41d.html]
[xcuzskillz.xyz/webfonts/fa-solid-901.html]
[xcuzskillz.xyz/webfonts/fa-solid-902.html]
[xcuzskillz.xyz/webfonts/fa-solid-903.html]
[xcuzskillz.xyz/webfonts/fa-solid-904.html]
[xcuzskillz.xyz/css/skills.css]
[xcuzskillz.xyz/css/work.css]
[xcuzskillz.xyz/css/aboutme.css]
[xcuzskillz.xyz/css/contact.css]
[cdn.jsdelivr.net/npm/@sweetalert2/theme-dark@4/dark.css]
